error[E0433]: cannot find `ResourcePressure` in `domain`
   --> crates\attic-storage\src\resource_manager.rs:711:33
    |
711 |             attic_core::domain::ResourcePressure::Normal
    |                                 ^^^^^^^^^^^^^^^^ could not find `ResourcePressure` in `domain`

error[E0433]: cannot find `ResourcePressure` in `domain`
   --> crates\attic-storage\src\resource_manager.rs:718:33
    |
718 |             attic_core::domain::ResourcePressure::Warning
    |                                 ^^^^^^^^^^^^^^^^ could not find `ResourcePressure` in `domain`

error[E0433]: cannot find `ResourcePressure` in `domain`
   --> crates\attic-storage\src\resource_manager.rs:725:33
    |
725 |             attic_core::domain::ResourcePressure::Critical
    |                                 ^^^^^^^^^^^^^^^^ could not find `ResourcePressure` in `domain`

error[E0433]: cannot find `ResourcePressure` in `domain`
   --> crates\attic-storage\src\resource_manager.rs:732:33
    |
732 |             attic_core::domain::ResourcePressure::Emergency
    |                                 ^^^^^^^^^^^^^^^^ could not find `ResourcePressure` in `domain`

error[E0433]: cannot find `ResourcePressure` in `domain`
   --> crates\attic-storage\src\resource_manager.rs:743:60
    |
743 |         assert_eq!(monitor.pressure(), attic_core::domain::ResourcePressure::Normal);
    |                                                            ^^^^^^^^^^^^^^^^ could not find `ResourcePressure` in `domain`

error[E0061]: this function takes 5 arguments but 4 arguments were supplied
   --> crates\attic-incremental\tests\common\mod.rs:101:15
    |
101 |         while run_next_task_synchronously(&self.pool, &self.writer, &self.repo_dir, &self.policy())
    |               ^^^^^^^^^^^^^^^^^^^^^^^^^^^---------------------------------------------------------- argument #5 of type `Option<&ResourceMonitor>` is missing
    |
note: function defined here
--
error[E0061]: this function takes 5 arguments but 4 arguments were supplied
   --> crates\attic-incremental\tests\common\mod.rs:112:15
    |
112 |         while run_next_task_synchronously(&self.pool, &self.writer, &self.repo_dir, &self.policy())
    |               ^^^^^^^^^^^^^^^^^^^^^^^^^^^---------------------------------------------------------- argument #5 of type `Option<&ResourceMonitor>` is missing
    |
note: function defined here
--
error[E0433]: cannot find `ResourcePressure` in `domain`
   --> crates\attic-storage\src\resource_manager.rs:748:60
    |
748 |         assert_eq!(monitor.pressure(), attic_core::domain::ResourcePressure::Normal);
    |                                                            ^^^^^^^^^^^^^^^^ could not find `ResourcePressure` in `domain`

error[E0061]: this function takes 5 arguments but 4 arguments were supplied
   --> crates\attic-incremental\tests\phase2_recovery.rs:101:11
    |
101 |       while attic_incremental::run_next_task_synchronously(
    |  ___________^^^^^^^^^^^^^^^^^^^^^^^^^^^^^^^^^^^^^^^^^^^^^^-
102 | |         &fx.pool,
103 | |         &fx.writer,
--
error[E0425]: cannot find function `run_migrations` in this scope
   --> crates\attic-storage\src\connection.rs:625:13
    |
625 |             run_migrations(&writer).unwrap();
    |             ^^^^^^^^^^^^^^ not found in this scope
    |
help: consider importing this function through its public re-export
--
error[E0061]: this function takes 6 arguments but 5 arguments were supplied
   --> crates\attic-incremental\tests\phase2_recovery.rs:249:5
    |
249 |     attic_incremental::scheduler::schedule_incremental(&fx.writer, &fx.repo_id, &payload, 80, 4096)
    |     ^^^^^^^^^^^^^^^^^^^^^^^^^^^^^^^^^^^^^^^^^^^^^^^^^^--------------------------------------------- argument #6 of type `Option<&ResourceMonitor>` is missing
    |
note: function defined here
--
error[E0425]: cannot find function `run_migrations` in this scope
   --> crates\attic-storage\src\connection.rs:684:13
    |
684 |             run_migrations(&writer).unwrap();
    |             ^^^^^^^^^^^^^^ not found in this scope
    |
help: consider importing this function through its public re-export
--
error[E0061]: this function takes 6 arguments but 5 arguments were supplied
   --> crates\attic-incremental\tests\phase2_recovery.rs:280:5
    |
280 |     attic_incremental::scheduler::schedule_incremental(&fx.writer, &fx.repo_id, &payload, 50, 4096)
    |     ^^^^^^^^^^^^^^^^^^^^^^^^^^^^^^^^^^^^^^^^^^^^^^^^^^--------------------------------------------- argument #6 of type `Option<&ResourceMonitor>` is missing
    |
note: function defined here
--
error[E0061]: this function takes 5 arguments but 4 arguments were supplied
   --> crates\attic-incremental\tests\phase2_recovery.rs:294:20
    |
294 |       let executed = attic_incremental::run_next_task_synchronously(
    |  ____________________^^^^^^^^^^^^^^^^^^^^^^^^^^^^^^^^^^^^^^^^^^^^^^-
295 | |         &fx.pool,
296 | |         &fx.writer,
--
error[E0061]: this function takes 6 arguments but 5 arguments were supplied
   --> crates\attic-incremental\tests\phase2_runtime_fixes.rs:79:18
    |
 79 |       let _sched = attic_incremental::spawn_scheduler(
    |  __________________^^^^^^^^^^^^^^^^^^^^^^^^^^^^^^^^^^-
 80 | |         attic_incremental::SchedulerConfig {
 81 | |             workers: 1,
--
error[E0061]: this function takes 6 arguments but 5 arguments were supplied
   --> crates\attic-incremental\tests\phase2_recovery.rs:321:17
    |
321 |       let sched = attic_incremental::spawn_scheduler(
    |  _________________^^^^^^^^^^^^^^^^^^^^^^^^^^^^^^^^^^-
322 | |         attic_incremental::SchedulerConfig {
323 | |             workers: 1,
--
error[E0061]: this function takes 5 arguments but 4 arguments were supplied
   --> crates\attic-incremental\tests\phase2_runtime_fixes.rs:197:11
    |
197 |     while attic_incremental::run_next_task_synchronously(&pool, &writer, &repo_dir, &policy)
    |           ^^^^^^^^^^^^^^^^^^^^^^^^^^^^^^^^^^^^^^^^^^^^^^------------------------------------ argument #5 of type `Option<&ResourceMonitor>` is missing
    |
note: function defined here
--
error[E0061]: this function takes 6 arguments but 5 arguments were supplied
   --> crates\attic-incremental\tests\phase2_recovery.rs:343:9
    |
343 |           attic_incremental::scheduler::schedule_incremental(
    |  _________^^^^^^^^^^^^^^^^^^^^^^^^^^^^^^^^^^^^^^^^^^^^^^^^^^-
344 | |             &fx.writer,
345 | |             &fx.repo_id,
--
error[E0061]: this function takes 5 arguments but 4 arguments were supplied
   --> crates\attic-incremental\tests\phase2_runtime_fixes.rs:289:11
    |
289 |     while attic_incremental::run_next_task_synchronously(&pool, &writer, &repo_dir, &policy)
    |           ^^^^^^^^^^^^^^^^^^^^^^^^^^^^^^^^^^^^^^^^^^^^^^------------------------------------ argument #5 of type `Option<&ResourceMonitor>` is missing
    |
note: function defined here
--
error[E0061]: this function takes 5 arguments but 4 arguments were supplied
   --> crates\attic-incremental\tests\phase2_runtime_fixes.rs:349:11
    |
349 |       while attic_incremental::run_next_task_synchronously(
    |  ___________^^^^^^^^^^^^^^^^^^^^^^^^^^^^^^^^^^^^^^^^^^^^^^-
350 | |         &fx.pool,
351 | |         &fx.writer,
--
error[E0061]: this function takes 5 arguments but 4 arguments were supplied
   --> crates\attic-incremental\tests\phase2_runtime_fixes.rs:445:15
    |
445 |       let ran = attic_incremental::run_next_task_synchronously(
    |  _______________^^^^^^^^^^^^^^^^^^^^^^^^^^^^^^^^^^^^^^^^^^^^^^-
446 | |         &fx.pool,
447 | |         &fx.writer,
--
error[E0061]: this function takes 5 arguments but 4 arguments were supplied
   --> crates\attic-incremental\tests\phase2_runtime_fixes.rs:480:11
    |
480 |       while attic_incremental::run_next_task_synchronously(
    |  ___________^^^^^^^^^^^^^^^^^^^^^^^^^^^^^^^^^^^^^^^^^^^^^^-
481 | |         &fx.pool,
482 | |         &fx.writer,
--
error: could not compile `attic-incremental` (test "phase2_recovery") due to 8 previous errors
warning: build failed, waiting for other jobs to finish...
error[E0061]: this function takes 5 arguments but 4 arguments were supplied
   --> crates\attic-incremental\tests\phase2_policy_freshness.rs:107:11
    |
107 |     while attic_incremental::run_next_task_synchronously(&pool, &writer, &repo_dir, &git_policy)
    |           ^^^^^^^^^^^^^^^^^^^^^^^^^^^^^^^^^^^^^^^^^^^^^^---------------------------------------- argument #5 of type `Option<&ResourceMonitor>` is missing
    |
note: function defined here
--
error: could not compile `attic-incremental` (test "phase2_runtime_fixes") due to 8 previous errors
error[E0061]: this function takes 5 arguments but 4 arguments were supplied
   --> crates\attic-incremental\tests\phase2_policy_freshness.rs:154:11
    |
154 |       while attic_incremental::run_next_task_synchronously(
    |  ___________^^^^^^^^^^^^^^^^^^^^^^^^^^^^^^^^^^^^^^^^^^^^^^-
155 | |         &fx.pool,
156 | |         &fx.writer,
--
error[E0061]: this function takes 5 arguments but 4 arguments were supplied
   --> crates\attic-incremental\tests\phase2_policy_freshness.rs:285:11
    |
285 |     while attic_incremental::run_next_task_synchronously(&pool, &writer, &repo_a, &policy).unwrap()
    |           ^^^^^^^^^^^^^^^^^^^^^^^^^^^^^^^^^^^^^^^^^^^^^^---------------------------------- argument #5 of type `Option<&ResourceMonitor>` is missing
    |
note: function defined here
--
error[E0061]: this function takes 6 arguments but 5 arguments were supplied
   --> crates\attic-incremental\tests\phase2_policy_freshness.rs:464:19
    |
464 |       let outcome = attic_incremental::scheduler::schedule_incremental(
    |  ___________________^^^^^^^^^^^^^^^^^^^^^^^^^^^^^^^^^^^^^^^^^^^^^^^^^^-
465 | |         &fx.writer,
466 | |         &fx.repo_id,
--
error: could not compile `attic-incremental` (test "phase2_policy_freshness") due to 6 previous errors
error[E0061]: this function takes 5 arguments but 4 arguments were supplied
   --> crates\attic-incremental\tests\phase2_robustness.rs:62:11
    |
 62 |       while attic_incremental::run_next_task_synchronously(
    |  ___________^^^^^^^^^^^^^^^^^^^^^^^^^^^^^^^^^^^^^^^^^^^^^^-
 63 | |         &fx.pool,
 64 | |         &fx.writer,
--
error[E0061]: this function takes 5 arguments but 4 arguments were supplied
   --> crates\attic-incremental\tests\phase2_lifecycle.rs:296:11
    |
296 |       while attic_incremental::run_next_task_synchronously(
    |  ___________^^^^^^^^^^^^^^^^^^^^^^^^^^^^^^^^^^^^^^^^^^^^^^-
297 | |         &fx.pool,
298 | |         &fx.writer,
--
error[E0061]: this function takes 5 arguments but 4 arguments were supplied
   --> crates\attic-incremental\tests\phase2_robustness.rs:155:15
    |
155 |       let ran = attic_incremental::run_next_task_synchronously(
    |  _______________^^^^^^^^^^^^^^^^^^^^^^^^^^^^^^^^^^^^^^^^^^^^^^-
156 | |         &fx.pool,
157 | |         &fx.writer,
--
error[E0061]: this function takes 5 arguments but 4 arguments were supplied
   --> crates\attic-incremental\tests\phase2_robustness.rs:165:11
    |
165 |       while attic_incremental::run_next_task_synchronously(
    |  ___________^^^^^^^^^^^^^^^^^^^^^^^^^^^^^^^^^^^^^^^^^^^^^^-
166 | |         &fx.pool,
167 | |         &fx.writer,
--
error[E0061]: this function takes 5 arguments but 4 arguments were supplied
   --> crates\attic-incremental\tests\phase2_robustness.rs:219:11
    |
219 |       while attic_incremental::run_next_task_synchronously(
    |  ___________^^^^^^^^^^^^^^^^^^^^^^^^^^^^^^^^^^^^^^^^^^^^^^-
220 | |         &fx.pool,
221 | |         &fx.writer,
--
error[E0061]: this function takes 5 arguments but 4 arguments were supplied
   --> crates\attic-incremental\tests\phase2_robustness.rs:305:11
    |
305 |     while attic_incremental::run_next_task_synchronously(&pool, &writer, &repo_dir, &policy)
    |           ^^^^^^^^^^^^^^^^^^^^^^^^^^^^^^^^^^^^^^^^^^^^^^------------------------------------ argument #5 of type `Option<&ResourceMonitor>` is missing
    |
note: function defined here
--
error[E0061]: this function takes 5 arguments but 4 arguments were supplied
   --> crates\attic-incremental\tests\phase2_robustness.rs:326:11
    |
326 |     while attic_incremental::run_next_task_synchronously(&pool, &writer, &repo_dir, &policy)
    |           ^^^^^^^^^^^^^^^^^^^^^^^^^^^^^^^^^^^^^^^^^^^^^^------------------------------------ argument #5 of type `Option<&ResourceMonitor>` is missing
    |
note: function defined here
--
error[E0061]: this function takes 5 arguments but 4 arguments were supplied
   --> crates\attic-incremental\tests\phase2_robustness.rs:395:11
    |
395 |       while attic_incremental::run_next_task_synchronously(
    |  ___________^^^^^^^^^^^^^^^^^^^^^^^^^^^^^^^^^^^^^^^^^^^^^^-
396 | |         &fx.pool,
397 | |         &fx.writer,
--
error[E0061]: this function takes 5 arguments but 4 arguments were supplied
   --> crates\attic-incremental\tests\phase2_robustness.rs:410:11
    |
410 |       while attic_incremental::run_next_task_synchronously(
    |  ___________^^^^^^^^^^^^^^^^^^^^^^^^^^^^^^^^^^^^^^^^^^^^^^-
411 | |         &fx.pool,
412 | |         &fx.writer,
--
error[E0061]: this function takes 6 arguments but 5 arguments were supplied
   --> crates\attic-incremental\tests\phase2_robustness.rs:535:15
    |
535 |       let err = attic_incremental::spawn_scheduler(
    |  _______________^^^^^^^^^^^^^^^^^^^^^^^^^^^^^^^^^^-
536 | |         attic_incremental::SchedulerConfig {
537 | |             workers: 0,
--
error[E0061]: this function takes 6 arguments but 5 arguments were supplied
   --> crates\attic-incremental\tests\phase2_robustness.rs:552:15
    |
552 |       let err = attic_incremental::spawn_scheduler(
    |  _______________^^^^^^^^^^^^^^^^^^^^^^^^^^^^^^^^^^-
553 | |         attic_incremental::SchedulerConfig {
554 | |             max_pending: 0,
--
error[E0061]: this function takes 5 arguments but 4 arguments were supplied
   --> crates\attic-incremental\tests\phase2_robustness.rs:630:11
    |
630 |     while attic_incremental::run_next_task_synchronously(&pool, &writer, &repo, svc.policy())
    |           ^^^^^^^^^^^^^^^^^^^^^^^^^^^^^^^^^^^^^^^^^^^^^^------------------------------------- argument #5 of type `Option<&ResourceMonitor>` is missing
    |
note: function defined here
--
error: could not compile `attic-incremental` (test "phase2_lifecycle") due to 3 previous errors
error[E0433]: cannot find `signal` in `tokio`
    --> crates\attic-server\src\main.rs:1303:20
     |
1303 |         _ = tokio::signal::ctrl_c() => {
     |                    ^^^^^^ could not find `signal` in `tokio`
     |
note: found an item that was configured out
--
error: could not compile `attic-incremental` (test "phase2_robustness") due to 13 previous errors
warning: unused import: `ResourceAdvisory`
  --> crates\attic-server\src\main.rs:17:41
   |
17 |     resource_manager::{ResourceMonitor, ResourceAdvisory, ResourceConfig},
   |                                         ^^^^^^^^^^^^^^^^
   |
--
error: could not compile `attic-server` (bin "attic") due to 1 previous error; 2 warnings emitted
error[E0061]: this function takes 4 arguments but 3 arguments were supplied
    --> crates\attic-server\src\main.rs:2076:17
     |
2076 |         let r = handle_status(&make_server(&tmp).pool, None, None).unwrap();
     |                 ^^^^^^^^^^^^^------------------------------------- argument #4 of type `std::option::Option<&ResourceMonitor>` is missing
     |
note: function defined here
--
error[E0061]: this function takes 4 arguments but 3 arguments were supplied
    --> crates\attic-server\src\main.rs:2104:17
     |
2104 |         let r = handle_status(&srv.pool, None, None).unwrap();
     |                 ^^^^^^^^^^^^^----------------------- argument #4 of type `std::option::Option<&ResourceMonitor>` is missing
     |
note: function defined here
--
error: could not compile `attic-server` (bin "attic" test) due to 3 previous errors; 1 warning emitted
Some errors have detailed explanations: E0425, E0433.
For more information about an error, try `rustc --explain E0425`.
warning: `attic-storage` (lib test) generated 2 warnings (2 duplicates)
error: could not compile `attic-storage` (lib test) due to 8 previous errors; 2 warnings emitted
