    Checking attic-storage v0.1.0 (C:\Adobe-Projects\EDS\Local\test\attic\crates\attic-storage)
    Checking attic-indexing v0.1.0 (C:\Adobe-Projects\EDS\Local\test\attic\crates\attic-indexing)
    Checking attic-server v0.1.0 (C:\Adobe-Projects\EDS\Local\test\attic\crates\attic-server)
error[E0432]: unresolved import `rmcp::model::Content`
  --> crates\attic-server\src\main.rs:19:25
   |
19 |         CallToolResult, Content, Implementation, InitializeResult,
   |                         ^^^^^^^ no `Content` in `model`
   |
help: a similar name exists in the module (notice the capitalization)
   |
19 -         CallToolResult, Content, Implementation, InitializeResult,
19 +         CallToolResult, content, Implementation, InitializeResult,
   |

error[E0433]: cannot find module or crate `anyhow` in this scope
   --> crates\attic-server\src\main.rs:313:45
    |
313 |     server.serve(stdio()).await.map_err(|e| anyhow::anyhow!("{e}"))?;
    |                                             ^^^^^^ use of unresolved module or unlinked crate `anyhow`

error[E0425]: cannot find function `is_security_forbidden` in crate `attic_discovery`
   --> crates\attic-server\src\main.rs:115:25
    |
115 |     if attic_discovery::is_security_forbidden(&repo_relative) {
    |                         ^^^^^^^^^^^^^^^^^^^^^ not found in `attic_discovery`

error[E0425]: cannot find type `Error` in crate `rmcp`
   --> crates\attic-server\src\main.rs:221:74
    |
221 |     ) -> impl std::future::Future<Output = Result<ListToolsResult, rmcp::Error>> + Send {
    |                                                                          ^^^^^ not found in `rmcp`
    |
help: consider importing one of these items
    |
  4 + use crate::io::Error;
    |
  4 + use std::error::Error;
    |
  4 + use std::fmt::Error;
    |
  4 + use std::io::Error;
    |
    = and 2 other candidates
help: if you import `Error`, refer to it directly
    |
221 -     ) -> impl std::future::Future<Output = Result<ListToolsResult, rmcp::Error>> + Send {
221 +     ) -> impl std::future::Future<Output = Result<ListToolsResult, Error>> + Send {
    |

error[E0425]: cannot find type `Error` in crate `rmcp`
   --> crates\attic-server\src\main.rs:272:73
    |
272 |     ) -> impl std::future::Future<Output = Result<CallToolResult, rmcp::Error>> + Send {
    |                                                                         ^^^^^ not found in `rmcp`
    |
help: consider importing one of these items
    |
  4 + use crate::io::Error;
    |
  4 + use std::error::Error;
    |
  4 + use std::fmt::Error;
    |
  4 + use std::io::Error;
    |
    = and 2 other candidates
help: if you import `Error`, refer to it directly
    |
272 -     ) -> impl std::future::Future<Output = Result<CallToolResult, rmcp::Error>> + Send {
272 +     ) -> impl std::future::Future<Output = Result<CallToolResult, Error>> + Send {
    |

error[E0053]: method `list_tools` has an incompatible type for trait
   --> crates\attic-server\src\main.rs:220:25
    |
220 |         &self, _cursor: Option<String>, _cx: &rmcp::service::RequestContext<RoleServer>,
    |                         ^^^^^^^^^^^^^^ expected `PaginatedRequestParams`, found `std::string::String`
221 |     ) -> impl std::future::Future<Output = Result<ListToolsResult, rmcp::Error>> + Send {
    |          ------------------------------------------------------------------------------
    |          |
    |          the expected future
    |          the found future
    |
    = note: expected signature `fn(&AtticServer, std::option::Option<PaginatedRequestParams>, RequestContext<_>) -> _`
               found signature `fn(&AtticServer, std::option::Option<std::string::String>, &RequestContext<_>) -> _`
help: change the parameter type to match the trait
    |
220 -         &self, _cursor: Option<String>, _cx: &rmcp::service::RequestContext<RoleServer>,
220 +         &self, _cursor: std::option::Option<PaginatedRequestParams>, _cx: &rmcp::service::RequestContext<RoleServer>,
    |

error[E0053]: method `call_tool` has an incompatible type for trait
   --> crates\attic-server\src\main.rs:271:25
    |
271 |         &self, request: rmcp::model::CallToolRequest, _cx: &rmcp::service::RequestContext<RoleServer>,
    |                         ^^^^^^^^^^^^^^^^^^^^^^^^^^^^ expected `CallToolRequestParams`, found `Request<CallToolRequestMethod, ...>`
272 |     ) -> impl std::future::Future<Output = Result<CallToolResult, rmcp::Error>> + Send {
    |          -----------------------------------------------------------------------------
    |          |
    |          the expected future
    |          the found future
    |
    = note: expected signature `fn(&AtticServer, CallToolRequestParams, RequestContext<_>) -> _`
               found signature `fn(&AtticServer, rmcp::model::Request<CallToolRequestMethod, CallToolRequestParams>, &RequestContext<_>) -> _`
help: change the parameter type to match the trait
    |
271 -         &self, request: rmcp::model::CallToolRequest, _cx: &rmcp::service::RequestContext<RoleServer>,
271 +         &self, request: CallToolRequestParams, _cx: &rmcp::service::RequestContext<RoleServer>,
    |

error[E0599]: no associated function or constant named `builder` found for struct `Tool` in the current scope
   --> crates\attic-server\src\main.rs:223:19
    |
223 |             Tool::builder().name("file")
    |                   ^^^^^^^ associated function or constant not found in `Tool`
    |
note: if you're trying to build a new `Tool` consider using one of the following associated functions:
      Tool::new
      Tool::new_with_raw
   --> C:\Users\amanbansal\.cargo\registry\src\index.crates.io-1949cf8c6b5b557f\rmcp-3.1.4\src\model\tool.rs:163:5
    |
163 | /     pub fn new<N, D, S>(name: N, description: D, input_schema: S) -> Self
164 | |     where
165 | |         N: Into<Cow<'static, str>>,
166 | |         D: Into<Cow<'static, str>>,
167 | |         S: Into<Arc<JsonObject>>,
    | |_________________________________^
...
182 | /     pub fn new_with_raw<N, S>(
183 | |         name: N,
184 | |         description: Option<Cow<'static, str>>,
185 | |         input_schema: S,
...   |
188 | |         N: Into<Cow<'static, str>>,
189 | |         S: Into<Arc<JsonObject>>,
    | |_________________________________^

error[E0599]: no associated function or constant named `builder` found for struct `Tool` in the current scope
   --> crates\attic-server\src\main.rs:241:19
    |
241 |             Tool::builder().name("search")
    |                   ^^^^^^^ associated function or constant not found in `Tool`
    |
note: if you're trying to build a new `Tool` consider using one of the following associated functions:
      Tool::new
      Tool::new_with_raw
   --> C:\Users\amanbansal\.cargo\registry\src\index.crates.io-1949cf8c6b5b557f\rmcp-3.1.4\src\model\tool.rs:163:5
    |
163 | /     pub fn new<N, D, S>(name: N, description: D, input_schema: S) -> Self
164 | |     where
165 | |         N: Into<Cow<'static, str>>,
166 | |         D: Into<Cow<'static, str>>,
167 | |         S: Into<Arc<JsonObject>>,
    | |_________________________________^
...
182 | /     pub fn new_with_raw<N, S>(
183 | |         name: N,
184 | |         description: Option<Cow<'static, str>>,
185 | |         input_schema: S,
...   |
188 | |         N: Into<Cow<'static, str>>,
189 | |         S: Into<Arc<JsonObject>>,
    | |_________________________________^

error[E0599]: no associated function or constant named `builder` found for struct `Tool` in the current scope
   --> crates\attic-server\src\main.rs:253:19
    |
253 |             Tool::builder().name("repo_map")
    |                   ^^^^^^^ associated function or constant not found in `Tool`
    |
note: if you're trying to build a new `Tool` consider using one of the following associated functions:
      Tool::new
      Tool::new_with_raw
   --> C:\Users\amanbansal\.cargo\registry\src\index.crates.io-1949cf8c6b5b557f\rmcp-3.1.4\src\model\tool.rs:163:5
    |
163 | /     pub fn new<N, D, S>(name: N, description: D, input_schema: S) -> Self
164 | |     where
165 | |         N: Into<Cow<'static, str>>,
166 | |         D: Into<Cow<'static, str>>,
167 | |         S: Into<Arc<JsonObject>>,
    | |_________________________________^
...
182 | /     pub fn new_with_raw<N, S>(
183 | |         name: N,
184 | |         description: Option<Cow<'static, str>>,
185 | |         input_schema: S,
...   |
188 | |         N: Into<Cow<'static, str>>,
189 | |         S: Into<Arc<JsonObject>>,
    | |_________________________________^

error[E0599]: no associated function or constant named `builder` found for struct `Tool` in the current scope
   --> crates\attic-server\src\main.rs:263:19
    |
263 |             Tool::builder().name("status")
    |                   ^^^^^^^ associated function or constant not found in `Tool`
    |
note: if you're trying to build a new `Tool` consider using one of the following associated functions:
      Tool::new
      Tool::new_with_raw
   --> C:\Users\amanbansal\.cargo\registry\src\index.crates.io-1949cf8c6b5b557f\rmcp-3.1.4\src\model\tool.rs:163:5
    |
163 | /     pub fn new<N, D, S>(name: N, description: D, input_schema: S) -> Self
164 | |     where
165 | |         N: Into<Cow<'static, str>>,
166 | |         D: Into<Cow<'static, str>>,
167 | |         S: Into<Arc<JsonObject>>,
    | |_________________________________^
...
182 | /     pub fn new_with_raw<N, S>(
183 | |         name: N,
184 | |         description: Option<Cow<'static, str>>,
185 | |         input_schema: S,
...   |
188 | |         N: Into<Cow<'static, str>>,
189 | |         S: Into<Arc<JsonObject>>,
    | |_________________________________^

error[E0063]: missing fields `cache_scope`, `meta`, `result_type` and 1 other field in initializer of `rmcp::model::ListToolsResult`
   --> crates\attic-server\src\main.rs:267:25
    |
267 |         async move { Ok(ListToolsResult { tools, next_cursor: None }) }
    |                         ^^^^^^^^^^^^^^^ missing `cache_scope`, `meta`, `result_type` and 1 other field

error[E0658]: use of unstable library feature `str_as_str`
   --> crates\attic-server\src\main.rs:277:74
    |
277 |             let result: Result<CallToolResult, ServerError> = match name.as_str() {
    |                                                                          ^^^^^^
    |
    = note: see issue #130366 <https://github.com/rust-lang/rust/issues/130366> for more information

error[E0308]: mismatched types
   --> crates\attic-server\src\main.rs:63:34
    |
 63 |         let r = index_repository(&self.writer, root, &DiscoveryPolicy::default_git(), &IndexOptions::default())
    |                 ---------------- ^^^^^^^^^^^^ expected `&Connection`, found `&WriterQueueHandle`
    |                 |
    |                 arguments to this function are incorrect
    |
    = note: expected reference `&rusqlite::Connection`
               found reference `&WriterQueueHandle`
note: function defined here
   --> crates\attic-indexing\src\lib.rs:130:8
    |
130 | pub fn index_repository(
    |        ^^^^^^^^^^^^^^^^

error[E0599]: no method named `collect_all` found for struct `LargeFileStream` in the current scope
   --> crates\attic-server\src\main.rs:133:11
    |
133 |         s.collect_all().map_err(ServerError::Discovery)?
    |           ^^^^^^^^^^^ method not found in `LargeFileStream`

error[E0308]: mismatched types
   --> crates\attic-server\src\main.rs:178:16
    |
178 |         query: query.to_string(),
    |                ^^^^^^^^^^^^^^^^^ expected `&str`, found `String`
    |
help: try removing the method call
    |
178 -         query: query.to_string(),
178 +         query: query,
    |

error[E0308]: mismatched types
   --> crates\attic-server\src\main.rs:179:24
    |
179 |         repository_id: repo_id.map(str::to_string),
    |                        ^^^^^^^^^^^^^^^^^^^^^^^^^^^ expected `Option<&str>`, found `Option<String>`
    |
    = note: expected enum `std::option::Option<&str>`
               found enum `std::option::Option<std::string::String>`
help: try using `.as_deref()` to convert `std::option::Option<std::string::String>` to `std::option::Option<&str>`
    |
179 |         repository_id: repo_id.map(str::to_string).as_deref(),
    |                                                   +++++++++++

error[E0308]: mismatched types
   --> crates\attic-server\src\main.rs:180:20
    |
180 |         file_type: file_type.map(str::to_string),
    |                    ^^^^^^^^^^^^^^^^^^^^^^^^^^^^^ expected `Option<&str>`, found `Option<String>`
    |
    = note: expected enum `std::option::Option<&str>`
               found enum `std::option::Option<std::string::String>`
help: try using `.as_deref()` to convert `std::option::Option<std::string::String>` to `std::option::Option<&str>`
    |
180 |         file_type: file_type.map(str::to_string).as_deref(),
    |                                                 +++++++++++

error[E0308]: mismatched types
   --> crates\attic-server\src\main.rs:181:19
    |
181 |         language: language.map(str::to_string),
    |                   ^^^^^^^^^^^^^^^^^^^^^^^^^^^^ expected `Option<&str>`, found `Option<String>`
    |
    = note: expected enum `std::option::Option<&str>`
               found enum `std::option::Option<std::string::String>`
help: try using `.as_deref()` to convert `std::option::Option<std::string::String>` to `std::option::Option<&str>`
    |
181 |         language: language.map(str::to_string).as_deref(),
    |                                               +++++++++++

error[E0560]: struct `FtsSearchParams<'_>` has no field named `limit`
   --> crates\attic-server\src\main.rs:182:9
    |
182 |         limit: Some(MAX_SEARCH_RESULTS),
    |         ^^^^^ `FtsSearchParams<'_>` does not have this field
    |
    = note: available fields are: `max_results`

error[E0639]: cannot create non-exhaustive struct using struct expression
   --> crates\attic-server\src\main.rs:212:9
    |
212 | /         InitializeResult {
213 | |             server_info: Implementation { name: SERVER_NAME.to_string(), version: SERVER_VERSION.to_string() },
214 | |             capabilities: ServerCapabilities::builder().enable_tools().build(),
215 | |             ..Default::default()
216 | |         }
    | |_________^

error[E0639]: cannot create non-exhaustive struct using struct expression
   --> crates\attic-server\src\main.rs:213:26
    |
213 |             server_info: Implementation { name: SERVER_NAME.to_string(), version: SERVER_VERSION.to_string() },
    |                          ^^^^^^^^^^^^^^^^^^^^^^^^^^^^^^^^^^^^^^^^^^^^^^^^^^^^^^^^^^^^^^^^^^^^^^^^^^^^^^^^^^^^^

warning: variable does not need to be mutable
  --> crates\attic-server\src\main.rs:52:13
   |
52 |         let mut queue = WriterQueue::new(conn).map_err(ServerError::Storage)?;
   |             ----^^^^^
   |             |
   |             help: remove this `mut`
   |
   = note: `#[warn(unused_mut)]` (part of `#[warn(unused)]`) on by default

error[E0433]: cannot find module or crate `anyhow` in this scope
   --> crates\attic-server\src\main.rs:293:20
    |
293 | async fn main() -> anyhow::Result<()> {
    |                    ^^^^^^ use of unresolved module or unlinked crate `anyhow`
    |
    = help: if you wanted to use a crate named `anyhow`, use `cargo add anyhow` to add it to your `Cargo.toml`

Some errors have detailed explanations: E0053, E0063, E0308, E0425, E0432, E0433, E0560, E0599, E0639...
For more information about an error, try `rustc --explain E0053`.
warning: `attic-server` (bin "attic") generated 1 warning
error: could not compile `attic-server` (bin "attic") due to 23 previous errors; 1 warning emitted
